// Jest Snapshot v1, https://goo.gl/fbAQLP

exports[`Product Image debe de mostrar la imagen del producto 1`] = `
<div
  className="productCard undefined"
>
  <img
    alt="product"
    className="productImg undefined"
    src="./coffee-mug.png"
  />
</div>
`;

exports[`Product Image debe mostrar componente renderizado  1`] = `
<img
  alt="product"
  className="productImg custom-class"
  src="./coffe-mug.png"
/>
`;
