// Jest Snapshot v1, https://goo.gl/fbAQLP

exports[`ProductTitle Debe de mostrar el componente con el titulo personalizado 1`] = `
<span
  className="productDescription custom-class"
>
  custom
</span>
`;

exports[`ProductTitle debe de mostrar el nombre del producto 1`] = `
<div
  className="productCard undefined"
>
  <span
    className="productDescription undefined"
  >
    img-prueba desde data 
  </span>
</div>
`;
